// Jest Snapshot v1, https://goo.gl/fbAQLP

exports[`LoginPage Component renders without crashing 1`] = `ShallowWrapper {}`;
